2026-01-27T13:10:19: Traceback (most recent call last):
2026-01-27T13:10:19:   File "<frozen runpy>", line 198, in _run_module_as_main
2026-01-27T13:10:19:   File "<frozen runpy>", line 88, in _run_code
2026-01-27T13:10:19:   File "C:\USERS\SRAVAN\DESKTOP\DENTC-BACKEND\DENTC-ENV\SCRIPTS\GUNICORN.EXE\__main__.py", line 4, in <module>
2026-01-27T13:10:19:   File "C:\Users\Sravan\Desktop\dentc-backend\dentc-env\Lib\site-packages\gunicorn\app\wsgiapp.py", line 8, in <module>
2026-01-27T13:10:19:     from gunicorn.app.base import Application
2026-01-27T13:10:19:   File "C:\Users\Sravan\Desktop\dentc-backend\dentc-env\Lib\site-packages\gunicorn\app\base.py", line 10, in <module>
2026-01-27T13:10:19:     
2026-01-27T13:10:19: from gunicorn import util
2026-01-27T13:10:19: 
2026-01-27T13:10:19:   File "C:\Users\Sravan\Desktop\dentc-backend\dentc-env\Lib\site-packages\gunicorn\util.py", line 7, in <module>
2026-01-27T13:10:19:     import fcntl
2026-01-27T13:10:19: ModuleNotFoundError: No module named 'fcntl'
2026-01-27T13:10:20: Traceback (most recent call last):
2026-01-27T13:10:20:   File "<frozen runpy>", line 198, in _run_module_as_main
2026-01-27T13:10:20:   File "<frozen runpy>", line 88, in _run_code
2026-01-27T13:10:20:   File "C:\USERS\SRAVAN\DESKTOP\DENTC-BACKEND\DENTC-ENV\SCRIPTS\GUNICORN.EXE\__main__.py", line 4, in <module>
2026-01-27T13:10:20:   File "C:\Users\Sravan\Desktop\dentc-backend\dentc-env\Lib\site-packages\gunicorn\app\wsgiapp.py", line 8, in <module>
2026-01-27T13:10:20:     from gunicorn.app.base import Application
2026-01-27T13:10:20:   File "C:\Users\Sravan\Desktop\dentc-backend\dentc-env\Lib\site-packages\gunicorn\app\base.py", line 10, in <module>
2026-01-27T13:10:20:     from gunicorn import util
2026-01-27T13:10:20:   File "C:\Users\Sravan\Desktop\dentc-backend\dentc-env\Lib\site-packages\gunicorn\util.py", line 7, in <module>
2026-01-27T13:10:20:     import fcntl
2026-01-27T13:10:20: ModuleNotFoundError: No module named 'fcntl'
2026-01-27T13:10:20: Traceback (most recent call last):
2026-01-27T13:10:20:   File "<frozen runpy>", line 198, in _run_module_as_main
2026-01-27T13:10:20:   File "<frozen runpy>", line 88, in _run_code
2026-01-27T13:10:20:   File "C:\USERS\SRAVAN\DESKTOP\DENTC-BACKEND\DENTC-ENV\SCRIPTS\GUNICORN.EXE\__main__.py", line 4, in <module>
2026-01-27T13:10:20:   File "C:\Users\Sravan\Desktop\dentc-backend\dentc-env\Lib\site-packages\gunicorn\app\wsgiapp.py", line 8, in <module>
2026-01-27T13:10:20:     from gunicorn.app.base import Application
2026-01-27T13:10:20:   File "C:\Users\Sravan\Desktop\dentc-backend\dentc-env\Lib\site-packages\gunicorn\app\base.py", line 10, in <module>
2026-01-27T13:10:20:     from gunicorn import util
2026-01-27T13:10:20:   File "C:\Users\Sravan\Desktop\dentc-backend\dentc-env\Lib\site-packages\gunicorn\util.py", line 7, in <module>
2026-01-27T13:10:20:     
2026-01-27T13:10:20: import fcntl
2026-01-27T13:10:20: 
2026-01-27T13:10:20: ModuleNotFoundError
2026-01-27T13:10:20: : 
2026-01-27T13:10:20: No module named 'fcntl'
2026-01-27T13:10:21: Traceback (most recent call last):
2026-01-27T13:10:21:   File "<frozen runpy>", line 198, in _run_module_as_main
2026-01-27T13:10:21:   File "<frozen runpy>", line 88, in _run_code
2026-01-27T13:10:21:   File "C:\USERS\SRAVAN\DESKTOP\DENTC-BACKEND\DENTC-ENV\SCRIPTS\GUNICORN.EXE\__main__.py", line 4, in <module>
2026-01-27T13:10:21:   File "C:\Users\Sravan\Desktop\dentc-backend\dentc-env\Lib\site-packages\gunicorn\app\wsgiapp.py", line 8, in <module>
2026-01-27T13:10:21:     from gunicorn.app.base import Application
2026-01-27T13:10:21:   File "C:\Users\Sravan\Desktop\dentc-backend\dentc-env\Lib\site-packages\gunicorn\app\base.py", line 10, in <module>
2026-01-27T13:10:21:     from gunicorn import util
2026-01-27T13:10:21:   File "C:\Users\Sravan\Desktop\dentc-backend\dentc-env\Lib\site-packages\gunicorn\util.py", line 7, in <module>
2026-01-27T13:10:21:     import fcntl
2026-01-27T13:10:21: ModuleNotFoundError: No module named 'fcntl'
2026-01-27T13:10:21: Traceback (most recent call last):
2026-01-27T13:10:21:   File "<frozen runpy>", line 198, in _run_module_as_main
2026-01-27T13:10:21:   File "<frozen runpy>", line 88, in _run_code
2026-01-27T13:10:21:   File "C:\USERS\SRAVAN\DESKTOP\DENTC-BACKEND\DENTC-ENV\SCRIPTS\GUNICORN.EXE\__main__.py", line 4, in <module>
2026-01-27T13:10:21:   File "C:\Users\Sravan\Desktop\dentc-backend\dentc-env\Lib\site-packages\gunicorn\app\wsgiapp.py", line 8, in <module>
2026-01-27T13:10:21:     from gunicorn.app.base import Application
2026-01-27T13:10:21:   File "C:\Users\Sravan\Desktop\dentc-backend\dentc-env\Lib\site-packages\gunicorn\app\base.py", line 10, in <module>
2026-01-27T13:10:21:     from gunicorn import util
2026-01-27T13:10:21:   File "C:\Users\Sravan\Desktop\dentc-backend\dentc-env\Lib\site-packages\gunicorn\util.py", line 7, in <module>
2026-01-27T13:10:21:     import fcntl
2026-01-27T13:10:21: ModuleNotFoundError: No module named 'fcntl'
2026-01-27T13:10:21: Traceback (most recent call last):
2026-01-27T13:10:21:   File "<frozen runpy>", line 198, in _run_module_as_main
2026-01-27T13:10:21:   File "<frozen runpy>", line 88, in _run_code
2026-01-27T13:10:21:   File "C:\USERS\SRAVAN\DESKTOP\DENTC-BACKEND\DENTC-ENV\SCRIPTS\GUNICORN.EXE\__main__.py", line 4, in <module>
2026-01-27T13:10:21:   File "C:\Users\Sravan\Desktop\dentc-backend\dentc-env\Lib\site-packages\gunicorn\app\wsgiapp.py", line 8, in <module>
2026-01-27T13:10:21:     from gunicorn.app.base import Application
2026-01-27T13:10:21:   File "C:\Users\Sravan\Desktop\dentc-backend\dentc-env\Lib\site-packages\gunicorn\app\base.py", line 10, in <module>
2026-01-27T13:10:21:     from gunicorn import util
2026-01-27T13:10:21:   File "C:\Users\Sravan\Desktop\dentc-backend\dentc-env\Lib\site-packages\gunicorn\util.py", line 7, in <module>
2026-01-27T13:10:21:     import fcntl
2026-01-27T13:10:21: ModuleNotFoundError: No module named 'fcntl'
2026-01-27T13:10:22: Traceback (most recent call last):
2026-01-27T13:10:22:   File "<frozen runpy>", line 198, in _run_module_as_main
2026-01-27T13:10:22:   File "<frozen runpy>", line 88, in _run_code
2026-01-27T13:10:22:   File "C:\USERS\SRAVAN\DESKTOP\DENTC-BACKEND\DENTC-ENV\SCRIPTS\GUNICORN.EXE\__main__.py", line 4, in <module>
2026-01-27T13:10:22:   File "C:\Users\Sravan\Desktop\dentc-backend\dentc-env\Lib\site-packages\gunicorn\app\wsgiapp.py", line 8, in <module>
2026-01-27T13:10:22:     from gunicorn.app.base import Application
2026-01-27T13:10:22:   File "C:\Users\Sravan\Desktop\dentc-backend\dentc-env\Lib\site-packages\gunicorn\app\base.py", line 10, in <module>
2026-01-27T13:10:22:     from gunicorn import util
2026-01-27T13:10:22:   File "C:\Users\Sravan\Desktop\dentc-backend\dentc-env\Lib\site-packages\gunicorn\util.py", line 7, in <module>
2026-01-27T13:10:22:     import fcntl
2026-01-27T13:10:22: ModuleNotFoundError: No module named 'fcntl'
2026-01-27T13:10:22: Traceback (most recent call last):
2026-01-27T13:10:22:   File "<frozen runpy>", line 198, in _run_module_as_main
2026-01-27T13:10:22:   File "<frozen runpy>", line 88, in _run_code
2026-01-27T13:10:22:   File "C:\USERS\SRAVAN\DESKTOP\DENTC-BACKEND\DENTC-ENV\SCRIPTS\GUNICORN.EXE\__main__.py", line 4, in <module>
2026-01-27T13:10:22:   File "C:\Users\Sravan\Desktop\dentc-backend\dentc-env\Lib\site-packages\gunicorn\app\wsgiapp.py", line 8, in <module>
2026-01-27T13:10:22:     from gunicorn.app.base import Application
2026-01-27T13:10:22:   File "C:\Users\Sravan\Desktop\dentc-backend\dentc-env\Lib\site-packages\gunicorn\app\base.py", line 10, in <module>
2026-01-27T13:10:22:     from gunicorn import util
2026-01-27T13:10:22:   File "C:\Users\Sravan\Desktop\dentc-backend\dentc-env\Lib\site-packages\gunicorn\util.py", line 7, in <module>
2026-01-27T13:10:22:     import fcntl
2026-01-27T13:10:22: ModuleNotFoundError: No module named 'fcntl'
2026-01-27T13:10:23: Traceback (most recent call last):
2026-01-27T13:10:23:   File "<frozen runpy>", line 198, in _run_module_as_main
2026-01-27T13:10:23:   File "<frozen runpy>", line 88, in _run_code
2026-01-27T13:10:23:   File "C:\USERS\SRAVAN\DESKTOP\DENTC-BACKEND\DENTC-ENV\SCRIPTS\GUNICORN.EXE\__main__.py", line 4, in <module>
2026-01-27T13:10:23:   File "C:\Users\Sravan\Desktop\dentc-backend\dentc-env\Lib\site-packages\gunicorn\app\wsgiapp.py", line 8, in <module>
2026-01-27T13:10:23:     from gunicorn.app.base import Application
2026-01-27T13:10:23:   File "C:\Users\Sravan\Desktop\dentc-backend\dentc-env\Lib\site-packages\gunicorn\app\base.py", line 10, in <module>
2026-01-27T13:10:23:     from gunicorn import util
2026-01-27T13:10:23:   File "C:\Users\Sravan\Desktop\dentc-backend\dentc-env\Lib\site-packages\gunicorn\util.py", line 7, in <module>
2026-01-27T13:10:23:     import fcntl
2026-01-27T13:10:23: ModuleNotFoundError: No module named 'fcntl'
2026-01-27T13:10:23: Traceback (most recent call last):
2026-01-27T13:10:23:   File "<frozen runpy>", line 198, in _run_module_as_main
2026-01-27T13:10:23:   File "<frozen runpy>", line 88, in _run_code
2026-01-27T13:10:23:   File "C:\USERS\SRAVAN\DESKTOP\DENTC-BACKEND\DENTC-ENV\SCRIPTS\GUNICORN.EXE\__main__.py", line 4, in <module>
2026-01-27T13:10:23:   File "C:\Users\Sravan\Desktop\dentc-backend\dentc-env\Lib\site-packages\gunicorn\app\wsgiapp.py", line 8, in <module>
2026-01-27T13:10:23:     from gunicorn.app.base import Application
2026-01-27T13:10:23:   File "C:\Users\Sravan\Desktop\dentc-backend\dentc-env\Lib\site-packages\gunicorn\app\base.py", line 10, in <module>
2026-01-27T13:10:23:     from gunicorn import util
2026-01-27T13:10:23:   File "C:\Users\Sravan\Desktop\dentc-backend\dentc-env\Lib\site-packages\gunicorn\util.py", line 7, in <module>
2026-01-27T13:10:23:     import fcntl
2026-01-27T13:10:23: ModuleNotFoundError: No module named 'fcntl'
2026-01-27T13:10:24: Traceback (most recent call last):
2026-01-27T13:10:24:   File "<frozen runpy>", line 198, in _run_module_as_main
2026-01-27T13:10:24:   File "<frozen runpy>", line 88, in _run_code
2026-01-27T13:10:24:   File "C:\USERS\SRAVAN\DESKTOP\DENTC-BACKEND\DENTC-ENV\SCRIPTS\GUNICORN.EXE\__main__.py", line 4, in <module>
2026-01-27T13:10:24:   File "C:\Users\Sravan\Desktop\dentc-backend\dentc-env\Lib\site-packages\gunicorn\app\wsgiapp.py", line 8, in <module>
2026-01-27T13:10:24:     from gunicorn.app.base import Application
2026-01-27T13:10:24:   File "C:\Users\Sravan\Desktop\dentc-backend\dentc-env\Lib\site-packages\gunicorn\app\base.py", line 10, in <module>
2026-01-27T13:10:24:     from gunicorn import util
2026-01-27T13:10:24:   File "C:\Users\Sravan\Desktop\dentc-backend\dentc-env\Lib\site-packages\gunicorn\util.py", line 7, in <module>
2026-01-27T13:10:24:     import fcntl
2026-01-27T13:10:24: ModuleNotFoundError: No module named 'fcntl'
2026-01-27T13:10:24: Traceback (most recent call last):
2026-01-27T13:10:24:   File "<frozen runpy>", line 198, in _run_module_as_main
2026-01-27T13:10:24:   File "<frozen runpy>", line 88, in _run_code
2026-01-27T13:10:24:   File "C:\USERS\SRAVAN\DESKTOP\DENTC-BACKEND\DENTC-ENV\SCRIPTS\GUNICORN.EXE\__main__.py", line 4, in <module>
2026-01-27T13:10:24:   File "C:\Users\Sravan\Desktop\dentc-backend\dentc-env\Lib\site-packages\gunicorn\app\wsgiapp.py", line 8, in <module>
2026-01-27T13:10:24:     from gunicorn.app.base import Application
2026-01-27T13:10:24:   File "C:\Users\Sravan\Desktop\dentc-backend\dentc-env\Lib\site-packages\gunicorn\app\base.py", line 10, in <module>
2026-01-27T13:10:24:     from gunicorn import util
2026-01-27T13:10:24:   File "C:\Users\Sravan\Desktop\dentc-backend\dentc-env\Lib\site-packages\gunicorn\util.py", line 7, in <module>
2026-01-27T13:10:24:     import fcntl
2026-01-27T13:10:24: ModuleNotFoundError: No module named 'fcntl'
2026-01-27T13:10:24: Traceback (most recent call last):
2026-01-27T13:10:24:   File "<frozen runpy>", line 198, in _run_module_as_main
2026-01-27T13:10:24:   File "<frozen runpy>", line 88, in _run_code
2026-01-27T13:10:24:   File "C:\USERS\SRAVAN\DESKTOP\DENTC-BACKEND\DENTC-ENV\SCRIPTS\GUNICORN.EXE\__main__.py", line 4, in <module>
2026-01-27T13:10:24:   File "C:\Users\Sravan\Desktop\dentc-backend\dentc-env\Lib\site-packages\gunicorn\app\wsgiapp.py", line 8, in <module>
2026-01-27T13:10:24:     from gunicorn.app.base import Application
2026-01-27T13:10:24:   File "C:\Users\Sravan\Desktop\dentc-backend\dentc-env\Lib\site-packages\gunicorn\app\base.py", line 10, in <module>
2026-01-27T13:10:24:     from gunicorn import util
2026-01-27T13:10:24:   File "C:\Users\Sravan\Desktop\dentc-backend\dentc-env\Lib\site-packages\gunicorn\util.py", line 7, in <module>
2026-01-27T13:10:24:     import fcntl
2026-01-27T13:10:24: ModuleNotFoundError: No module named 'fcntl'
2026-01-27T13:10:25: Traceback (most recent call last):
2026-01-27T13:10:25:   File "<frozen runpy>", line 198, in _run_module_as_main
2026-01-27T13:10:25:   File "<frozen runpy>", line 88, in _run_code
2026-01-27T13:10:25:   File "C:\USERS\SRAVAN\DESKTOP\DENTC-BACKEND\DENTC-ENV\SCRIPTS\GUNICORN.EXE\__main__.py", line 4, in <module>
2026-01-27T13:10:25:   File "C:\Users\Sravan\Desktop\dentc-backend\dentc-env\Lib\site-packages\gunicorn\app\wsgiapp.py", line 8, in <module>
2026-01-27T13:10:25: 
2026-01-27T13:10:25:   File "C:\Users\Sravan\Desktop\dentc-backend\dentc-env\Lib\site-packages\gunicorn\app\base.py", line 10, in <module>
2026-01-27T13:10:25:     from gunicorn import util
2026-01-27T13:10:25:   File "C:\Users\Sravan\Desktop\dentc-backend\dentc-env\Lib\site-packages\gunicorn\util.py", line 7, in <module>
2026-01-27T13:10:25:     import fcntl
2026-01-27T13:10:25: ModuleNotFoundError: No module named 'fcntl'
2026-01-27T13:10:25: Traceback (most recent call last):
2026-01-27T13:10:25:   File "<frozen runpy>", line 198, in _run_module_as_main
2026-01-27T13:10:25:   File "<frozen runpy>", line 88, in _run_code
2026-01-27T13:10:25:   File "C:\USERS\SRAVAN\DESKTOP\DENTC-BACKEND\DENTC-ENV\SCRIPTS\GUNICORN.EXE\__main__.py", line 4, in <module>
2026-01-27T13:10:25:   File "C:\Users\Sravan\Desktop\dentc-backend\dentc-env\Lib\site-packages\gunicorn\app\wsgiapp.py", line 8, in <module>
2026-01-27T13:10:25:     from gunicorn.app.base import Application
2026-01-27T13:10:25:   File "C:\Users\Sravan\Desktop\dentc-backend\dentc-env\Lib\site-packages\gunicorn\app\base.py", line 10, in <module>
2026-01-27T13:10:25: from gunicorn import util
2026-01-27T13:10:25:   File "C:\Users\Sravan\Desktop\dentc-backend\dentc-env\Lib\site-packages\gunicorn\util.py", line 7, in <module>
2026-01-27T13:10:25:     import fcntl
2026-01-27T13:10:25: ModuleNotFoundError: No module named 'fcntl'
2026-01-27T13:10:25: Traceback (most recent call last):
2026-01-27T13:10:25:   File "<frozen runpy>", line 198, in _run_module_as_main
2026-01-27T13:10:25:   File "<frozen runpy>", line 88, in _run_code
2026-01-27T13:10:25:   File "C:\USERS\SRAVAN\DESKTOP\DENTC-BACKEND\DENTC-ENV\SCRIPTS\GUNICORN.EXE\__main__.py", line 4, in <module>
2026-01-27T13:10:25:   File "C:\Users\Sravan\Desktop\dentc-backend\dentc-env\Lib\site-packages\gunicorn\app\wsgiapp.py", line 8, in <module>
2026-01-27T13:10:25:     from gunicorn.app.base import Application
2026-01-27T13:10:25:   File "C:\Users\Sravan\Desktop\dentc-backend\dentc-env\Lib\site-packages\gunicorn\app\base.py", line 10, in <module>
2026-01-27T13:10:25:     from gunicorn import util
2026-01-27T13:10:25:   File "C:\Users\Sravan\Desktop\dentc-backend\dentc-env\Lib\site-packages\gunicorn\util.py", line 7, in <module>
2026-01-27T13:10:25:     import fcntl
2026-01-27T13:10:25: ModuleNotFoundError: No module named 'fcntl'
2026-01-27T13:10:26: Traceback (most recent call last):
2026-01-27T13:10:26:   File "<frozen runpy>", line 198, in _run_module_as_main
2026-01-27T13:10:26:   File "<frozen runpy>", line 88, in _run_code
2026-01-27T13:10:26:   File "C:\USERS\SRAVAN\DESKTOP\DENTC-BACKEND\DENTC-ENV\SCRIPTS\GUNICORN.EXE\__main__.py", line 4, in <module>
2026-01-27T13:10:26:   File "C:\Users\Sravan\Desktop\dentc-backend\dentc-env\Lib\site-packages\gunicorn\app\wsgiapp.py", line 8, in <module>
2026-01-27T13:10:26:     from gunicorn.app.base import Application
2026-01-27T13:10:26:   File "C:\Users\Sravan\Desktop\dentc-backend\dentc-env\Lib\site-packages\gunicorn\app\base.py", line 10, in <module>
2026-01-27T13:10:26:     from gunicorn import util
2026-01-27T13:10:26:   File "C:\Users\Sravan\Desktop\dentc-backend\dentc-env\Lib\site-packages\gunicorn\util.py", line 7, in <module>
2026-01-27T13:10:26:     import fcntl
2026-01-27T13:10:26: ModuleNotFoundError: No module named 'fcntl'
2026-01-27T13:10:38: Traceback (most recent call last):
2026-01-27T13:10:38:   File "<frozen runpy>", line 198, in _run_module_as_main
2026-01-27T13:10:38:   File "<frozen runpy>", line 88, in _run_code
2026-01-27T13:10:38:   File "C:\USERS\SRAVAN\DESKTOP\DENTC-BACKEND\DENTC-ENV\SCRIPTS\GUNICORN.EXE\__main__.py", line 4, in <module>
2026-01-27T13:10:38:   File "C:\Users\Sravan\Desktop\dentc-backend\dentc-env\Lib\site-packages\gunicorn\app\wsgiapp.py", line 8, in <module>
2026-01-27T13:10:38:     from gunicorn.app.base import Application
2026-01-27T13:10:38:   File "C:\Users\Sravan\Desktop\dentc-backend\dentc-env\Lib\site-packages\gunicorn\app\base.py", line 10, in <module>
2026-01-27T13:10:38:     from gunicorn import util
2026-01-27T13:10:38:   File "C:\Users\Sravan\Desktop\dentc-backend\dentc-env\Lib\site-packages\gunicorn\util.py", line 7, in <module>
2026-01-27T13:10:38:     import fcntl
2026-01-27T13:10:38: ModuleNotFoundError: No module named 'fcntl'
2026-01-27T13:10:38: Traceback (most recent call last):
2026-01-27T13:10:38:   File "<frozen runpy>", line 198, in _run_module_as_main
2026-01-27T13:10:38:   File "<frozen runpy>", line 88, in _run_code
2026-01-27T13:10:38:   File "C:\USERS\SRAVAN\DESKTOP\DENTC-BACKEND\DENTC-ENV\SCRIPTS\GUNICORN.EXE\__main__.py", line 4, in <module>
2026-01-27T13:10:38:   File "C:\Users\Sravan\Desktop\dentc-backend\dentc-env\Lib\site-packages\gunicorn\app\wsgiapp.py", line 8, in <module>
2026-01-27T13:10:38:     from gunicorn.app.base import Application
2026-01-27T13:10:38:   File "C:\Users\Sravan\Desktop\dentc-backend\dentc-env\Lib\site-packages\gunicorn\app\base.py", line 10, in <module>
2026-01-27T13:10:38:     from gunicorn import util
2026-01-27T13:10:38:   File "C:\Users\Sravan\Desktop\dentc-backend\dentc-env\Lib\site-packages\gunicorn\util.py", line 7, in <module>
2026-01-27T13:10:38:     import fcntl
2026-01-27T13:10:38: ModuleNotFoundError: No module named 'fcntl'
2026-01-27T13:10:39: Traceback (most recent call last):
2026-01-27T13:10:39:   File "<frozen runpy>", line 198, in _run_module_as_main
2026-01-27T13:10:39:   File "<frozen runpy>", line 88, in _run_code
2026-01-27T13:10:39:   File "C:\USERS\SRAVAN\DESKTOP\DENTC-BACKEND\DENTC-ENV\SCRIPTS\GUNICORN.EXE\__main__.py", line 4, in <module>
2026-01-27T13:10:39:   File "C:\Users\Sravan\Desktop\dentc-backend\dentc-env\Lib\site-packages\gunicorn\app\wsgiapp.py", line 8, in <module>
2026-01-27T13:10:39:     from gunicorn.app.base import Application
2026-01-27T13:10:39:   File "C:\Users\Sravan\Desktop\dentc-backend\dentc-env\Lib\site-packages\gunicorn\app\base.py", line 10, in <module>
2026-01-27T13:10:39:     from gunicorn import util
2026-01-27T13:10:39:   File "C:\Users\Sravan\Desktop\dentc-backend\dentc-env\Lib\site-packages\gunicorn\util.py", line 7, in <module>
2026-01-27T13:10:39:     import fcntl
2026-01-27T13:10:39: ModuleNotFoundError: No module named 'fcntl'
2026-01-27T13:10:39: Traceback (most recent call last):
2026-01-27T13:10:39:   File "<frozen runpy>", line 198, in _run_module_as_main
2026-01-27T13:10:39:   File "<frozen runpy>", line 88, in _run_code
2026-01-27T13:10:39:   File "C:\USERS\SRAVAN\DESKTOP\DENTC-BACKEND\DENTC-ENV\SCRIPTS\GUNICORN.EXE\__main__.py", line 4, in <module>
2026-01-27T13:10:39:   File "C:\Users\Sravan\Desktop\dentc-backend\dentc-env\Lib\site-packages\gunicorn\app\wsgiapp.py", line 8, in <module>
2026-01-27T13:10:39:     from gunicorn.app.base import Application
2026-01-27T13:10:39:   File "C:\Users\Sravan\Desktop\dentc-backend\dentc-env\Lib\site-packages\gunicorn\app\base.py", line 10, in <module>
2026-01-27T13:10:39:     from gunicorn import util
2026-01-27T13:10:39:   File "C:\Users\Sravan\Desktop\dentc-backend\dentc-env\Lib\site-packages\gunicorn\util.py", line 7, in <module>
2026-01-27T13:10:39:     import fcntl
2026-01-27T13:10:39: ModuleNotFoundError: No module named 'fcntl'
2026-01-27T13:10:39: Traceback (most recent call last):
2026-01-27T13:10:39:   File "<frozen runpy>", line 198, in _run_module_as_main
2026-01-27T13:10:39:   File "<frozen runpy>", line 88, in _run_code
2026-01-27T13:10:39:   File "C:\USERS\SRAVAN\DESKTOP\DENTC-BACKEND\DENTC-ENV\SCRIPTS\GUNICORN.EXE\__main__.py", line 4, in <module>
2026-01-27T13:10:39:   File "C:\Users\Sravan\Desktop\dentc-backend\dentc-env\Lib\site-packages\gunicorn\app\wsgiapp.py", line 8, in <module>
2026-01-27T13:10:39:     from gunicorn.app.base import Application
2026-01-27T13:10:39:   File "C:\Users\Sravan\Desktop\dentc-backend\dentc-env\Lib\site-packages\gunicorn\app\base.py", line 10, in <module>
2026-01-27T13:10:39:     from gunicorn import util
2026-01-27T13:10:39:   File "C:\Users\Sravan\Desktop\dentc-backend\dentc-env\Lib\site-packages\gunicorn\util.py", line 7, in <module>
2026-01-27T13:10:39:     import fcntl
2026-01-27T13:10:39: No module named 'fcntl'
2026-01-27T13:10:40: Traceback (most recent call last):
2026-01-27T13:10:40:   File "<frozen runpy>", line 198, in _run_module_as_main
2026-01-27T13:10:40:   File "<frozen runpy>", line 88, in _run_code
2026-01-27T13:10:40:   File "C:\USERS\SRAVAN\DESKTOP\DENTC-BACKEND\DENTC-ENV\SCRIPTS\GUNICORN.EXE\__main__.py", line 4, in <module>
2026-01-27T13:10:40:   File "C:\Users\Sravan\Desktop\dentc-backend\dentc-env\Lib\site-packages\gunicorn\app\wsgiapp.py", line 8, in <module>
2026-01-27T13:10:40:     from gunicorn.app.base import Application
2026-01-27T13:10:40:   File "C:\Users\Sravan\Desktop\dentc-backend\dentc-env\Lib\site-packages\gunicorn\app\base.py", line 10, in <module>
2026-01-27T13:10:40:     from gunicorn import util
2026-01-27T13:10:40:   File "C:\Users\Sravan\Desktop\dentc-backend\dentc-env\Lib\site-packages\gunicorn\util.py", line 7, in <module>
2026-01-27T13:10:40:     import fcntl
2026-01-27T13:10:40: ModuleNotFoundError: No module named 'fcntl'
2026-01-27T13:10:40: Traceback (most recent call last):
2026-01-27T13:10:40:   File "<frozen runpy>", line 198, in _run_module_as_main
2026-01-27T13:10:40:   File "<frozen runpy>", line 88, in _run_code
2026-01-27T13:10:40:   File "C:\USERS\SRAVAN\DESKTOP\DENTC-BACKEND\DENTC-ENV\SCRIPTS\GUNICORN.EXE\__main__.py", line 4, in <module>
2026-01-27T13:10:40:   File "C:\Users\Sravan\Desktop\dentc-backend\dentc-env\Lib\site-packages\gunicorn\app\wsgiapp.py", line 8, in <module>
2026-01-27T13:10:40:     from gunicorn.app.base import Application
2026-01-27T13:10:40:   File "C:\Users\Sravan\Desktop\dentc-backend\dentc-env\Lib\site-packages\gunicorn\app\base.py", line 10, in <module>
2026-01-27T13:10:40:     from gunicorn import util
2026-01-27T13:10:40:   File "C:\Users\Sravan\Desktop\dentc-backend\dentc-env\Lib\site-packages\gunicorn\util.py", line 7, in <module>
2026-01-27T13:10:40:     import fcntl
2026-01-27T13:10:40: ModuleNotFoundError: No module named 'fcntl'
2026-01-27T13:10:40: Traceback (most recent call last):
2026-01-27T13:10:40:   File "<frozen runpy>", line 198, in _run_module_as_main
2026-01-27T13:10:40:   File "<frozen runpy>", line 88, in _run_code
2026-01-27T13:10:40:   File "C:\USERS\SRAVAN\DESKTOP\DENTC-BACKEND\DENTC-ENV\SCRIPTS\GUNICORN.EXE\__main__.py", line 4, in <module>
2026-01-27T13:10:40:   File "C:\Users\Sravan\Desktop\dentc-backend\dentc-env\Lib\site-packages\gunicorn\app\wsgiapp.py", line 8, in <module>
2026-01-27T13:10:40:     from gunicorn.app.base import Application
2026-01-27T13:10:40:   File "C:\Users\Sravan\Desktop\dentc-backend\dentc-env\Lib\site-packages\gunicorn\app\base.py", line 10, in <module>
2026-01-27T13:10:40:     from gunicorn import util
2026-01-27T13:10:40:   File "C:\Users\Sravan\Desktop\dentc-backend\dentc-env\Lib\site-packages\gunicorn\util.py", line 7, in <module>
2026-01-27T13:10:40:     import fcntl
2026-01-27T13:10:40: ModuleNotFoundError: No module named 'fcntl'
2026-01-27T13:10:41: Traceback (most recent call last):
2026-01-27T13:10:41:   File "<frozen runpy>", line 198, in _run_module_as_main
2026-01-27T13:10:41:   File "<frozen runpy>", line 88, in _run_code
2026-01-27T13:10:41:   File "C:\USERS\SRAVAN\DESKTOP\DENTC-BACKEND\DENTC-ENV\SCRIPTS\GUNICORN.EXE\__main__.py", line 4, in <module>
2026-01-27T13:10:41:   File "C:\Users\Sravan\Desktop\dentc-backend\dentc-env\Lib\site-packages\gunicorn\app\wsgiapp.py", line 8, in <module>
2026-01-27T13:10:41:     from gunicorn.app.base import Application
2026-01-27T13:10:41:   File "C:\Users\Sravan\Desktop\dentc-backend\dentc-env\Lib\site-packages\gunicorn\app\base.py", line 10, in <module>
2026-01-27T13:10:41:     from gunicorn import util
2026-01-27T13:10:41:   File "C:\Users\Sravan\Desktop\dentc-backend\dentc-env\Lib\site-packages\gunicorn\util.py", line 7, in <module>
2026-01-27T13:10:41:     import fcntl
2026-01-27T13:10:41: ModuleNotFoundError: No module named 'fcntl'
2026-01-27T13:10:41: Traceback (most recent call last):
2026-01-27T13:10:41:   File "<frozen runpy>", line 198, in _run_module_as_main
2026-01-27T13:10:41:   File "<frozen runpy>", line 88, in _run_code
2026-01-27T13:10:41:   File "C:\USERS\SRAVAN\DESKTOP\DENTC-BACKEND\DENTC-ENV\SCRIPTS\GUNICORN.EXE\__main__.py", line 4, in <module>
2026-01-27T13:10:41:   File "C:\Users\Sravan\Desktop\dentc-backend\dentc-env\Lib\site-packages\gunicorn\app\wsgiapp.py", line 8, in <module>
2026-01-27T13:10:41:     from gunicorn.app.base import Application
2026-01-27T13:10:41:   File "C:\Users\Sravan\Desktop\dentc-backend\dentc-env\Lib\site-packages\gunicorn\app\base.py", line 10, in <module>
2026-01-27T13:10:41: 
2026-01-27T13:10:41:   File "C:\Users\Sravan\Desktop\dentc-backend\dentc-env\Lib\site-packages\gunicorn\util.py", line 7, in <module>
2026-01-27T13:10:41:     import fcntl
2026-01-27T13:10:41: ModuleNotFoundError: No module named 'fcntl'
2026-01-27T13:10:41: Traceback (most recent call last):
2026-01-27T13:10:41:   File "<frozen runpy>", line 198, in _run_module_as_main
2026-01-27T13:10:41:   File "<frozen runpy>", line 88, in _run_code
2026-01-27T13:10:41:   File "C:\USERS\SRAVAN\DESKTOP\DENTC-BACKEND\DENTC-ENV\SCRIPTS\GUNICORN.EXE\__main__.py", line 4, in <module>
2026-01-27T13:10:41:   File "C:\Users\Sravan\Desktop\dentc-backend\dentc-env\Lib\site-packages\gunicorn\app\wsgiapp.py", line 8, in <module>
2026-01-27T13:10:41:     from gunicorn.app.base import Application
2026-01-27T13:10:41:   File "C:\Users\Sravan\Desktop\dentc-backend\dentc-env\Lib\site-packages\gunicorn\app\base.py", line 10, in <module>
2026-01-27T13:10:41:     from gunicorn import util
2026-01-27T13:10:41:   File "C:\Users\Sravan\Desktop\dentc-backend\dentc-env\Lib\site-packages\gunicorn\util.py", line 7, in <module>
2026-01-27T13:10:41:     import fcntl
2026-01-27T13:10:41: ModuleNotFoundError: No module named 'fcntl'
2026-01-27T13:10:41: Traceback (most recent call last):
2026-01-27T13:10:41:   File "<frozen runpy>", line 198, in _run_module_as_main
2026-01-27T13:10:41:   File "<frozen runpy>", line 88, in _run_code
2026-01-27T13:10:41:   File "C:\USERS\SRAVAN\DESKTOP\DENTC-BACKEND\DENTC-ENV\SCRIPTS\GUNICORN.EXE\__main__.py", line 4, in <module>
2026-01-27T13:10:41:   File "C:\Users\Sravan\Desktop\dentc-backend\dentc-env\Lib\site-packages\gunicorn\app\wsgiapp.py", line 8, in <module>
2026-01-27T13:10:41:     from gunicorn.app.base import Application
2026-01-27T13:10:41:   File "C:\Users\Sravan\Desktop\dentc-backend\dentc-env\Lib\site-packages\gunicorn\app\base.py", line 10, in <module>
2026-01-27T13:10:41:     from gunicorn import util
2026-01-27T13:10:41:   File "C:\Users\Sravan\Desktop\dentc-backend\dentc-env\Lib\site-packages\gunicorn\util.py", line 7, in <module>
2026-01-27T13:10:41:     import fcntl
2026-01-27T13:10:41: ModuleNotFoundError: No module named 'fcntl'
2026-01-27T13:10:42: Traceback (most recent call last):
2026-01-27T13:10:42:   File "<frozen runpy>", line 198, in _run_module_as_main
2026-01-27T13:10:42:   File "<frozen runpy>", line 88, in _run_code
2026-01-27T13:10:42:   File "C:\USERS\SRAVAN\DESKTOP\DENTC-BACKEND\DENTC-ENV\SCRIPTS\GUNICORN.EXE\__main__.py", line 4, in <module>
2026-01-27T13:10:42:   File "C:\Users\Sravan\Desktop\dentc-backend\dentc-env\Lib\site-packages\gunicorn\app\wsgiapp.py", line 8, in <module>
2026-01-27T13:10:42:     from gunicorn.app.base import Application
2026-01-27T13:10:42:   File "C:\Users\Sravan\Desktop\dentc-backend\dentc-env\Lib\site-packages\gunicorn\app\base.py", line 10, in <module>
2026-01-27T13:10:42:     from gunicorn import util
2026-01-27T13:10:42:   File "C:\Users\Sravan\Desktop\dentc-backend\dentc-env\Lib\site-packages\gunicorn\util.py", line 7, in <module>
2026-01-27T13:10:42:     import fcntl
2026-01-27T13:10:42: ModuleNotFoundError: No module named 'fcntl'
2026-01-27T13:10:42: Traceback (most recent call last):
2026-01-27T13:10:42:   File "<frozen runpy>", line 198, in _run_module_as_main
2026-01-27T13:10:42:   File "<frozen runpy>", line 88, in _run_code
2026-01-27T13:10:42:   File "C:\USERS\SRAVAN\DESKTOP\DENTC-BACKEND\DENTC-ENV\SCRIPTS\GUNICORN.EXE\__main__.py", line 4, in <module>
2026-01-27T13:10:42:   File "C:\Users\Sravan\Desktop\dentc-backend\dentc-env\Lib\site-packages\gunicorn\app\wsgiapp.py", line 8, in <module>
2026-01-27T13:10:42:     from gunicorn.app.base import Application
2026-01-27T13:10:42:   File "C:\Users\Sravan\Desktop\dentc-backend\dentc-env\Lib\site-packages\gunicorn\app\base.py", line 10, in <module>
2026-01-27T13:10:42:     from gunicorn import util
2026-01-27T13:10:42:   File "C:\Users\Sravan\Desktop\dentc-backend\dentc-env\Lib\site-packages\gunicorn\util.py", line 7, in <module>
2026-01-27T13:10:42:     import fcntl
2026-01-27T13:10:42: ModuleNotFoundError: No module named 'fcntl'
2026-01-27T13:10:42: Traceback (most recent call last):
2026-01-27T13:10:42:   File "<frozen runpy>", line 198, in _run_module_as_main
2026-01-27T13:10:42:   File "<frozen runpy>", line 88, in _run_code
2026-01-27T13:10:42:   File "C:\USERS\SRAVAN\DESKTOP\DENTC-BACKEND\DENTC-ENV\SCRIPTS\GUNICORN.EXE\__main__.py", line 4, in <module>
2026-01-27T13:10:42:   File "C:\Users\Sravan\Desktop\dentc-backend\dentc-env\Lib\site-packages\gunicorn\app\wsgiapp.py", line 8, in <module>
2026-01-27T13:10:42:     from gunicorn.app.base import Application
2026-01-27T13:10:42:   File "C:\Users\Sravan\Desktop\dentc-backend\dentc-env\Lib\site-packages\gunicorn\app\base.py", line 10, in <module>
2026-01-27T13:10:42:     from gunicorn import util
2026-01-27T13:10:42:   File "C:\Users\Sravan\Desktop\dentc-backend\dentc-env\Lib\site-packages\gunicorn\util.py", line 7, in <module>
2026-01-27T13:10:42:     import fcntl
2026-01-27T13:10:42: ModuleNotFoundError: No module named 'fcntl'
2026-01-27T13:10:43: Traceback (most recent call last):
2026-01-27T13:10:43:   File "<frozen runpy>", line 198, in _run_module_as_main
2026-01-27T13:10:43:   File "<frozen runpy>", line 88, in _run_code
2026-01-27T13:10:43:   File "C:\USERS\SRAVAN\DESKTOP\DENTC-BACKEND\DENTC-ENV\SCRIPTS\GUNICORN.EXE\__main__.py", line 4, in <module>
2026-01-27T13:10:43:   File "C:\Users\Sravan\Desktop\dentc-backend\dentc-env\Lib\site-packages\gunicorn\app\wsgiapp.py", line 8, in <module>
2026-01-27T13:10:43:     from gunicorn.app.base import Application
2026-01-27T13:10:43:   File "C:\Users\Sravan\Desktop\dentc-backend\dentc-env\Lib\site-packages\gunicorn\app\base.py", line 10, in <module>
2026-01-27T13:10:43:     from gunicorn import util
2026-01-27T13:10:43:   File "C:\Users\Sravan\Desktop\dentc-backend\dentc-env\Lib\site-packages\gunicorn\util.py", line 7, in <module>
2026-01-27T13:10:43:     import fcntl
2026-01-27T13:10:43: ModuleNotFoundError: No module named 'fcntl'
